AR p3_p2s_core p3_p2s_core_beh /home/student/Desktop/UPC_ISE_Q3_P3-main/P3_p2s_core.vhd sub00/vhpl09 1679425241
AR p3_p2s_buffer ppb_beh /home/student/Desktop/UPC_ISE_Q3_P3-main/practica3/P3_p2s_buffer.vhd sub00/vhpl21 1679425227
EN p3_p2s_buffer NULL /home/student/Desktop/UPC_ISE_Q3_P3-main/practica3/P3_p2s_buffer.vhd sub00/vhpl20 1679425226
AR comptador beh_comp /home/student/Desktop/UPC_ISE_Q3_P3-main/practica3/Comptador.vhd sub00/vhpl19 1679425223
AR rising_edge_vhdl behavioral /home/student/Desktop/UPC_ISE_Q3_P3-main/Rising_edge_VHDL.vhd sub00/vhpl17 1679425231
EN p3_p2s_core NULL /home/student/Desktop/UPC_ISE_Q3_P3-main/P3_p2s_core.vhd sub00/vhpl08 1679425240
AR p3_uc p3_uc_beh /home/student/Desktop/UPC_ISE_Q3_P3-main/P3_uc.vhd sub00/vhpl07 1679425239
EN comptador NULL /home/student/Desktop/UPC_ISE_Q3_P3-main/practica3/Comptador.vhd sub00/vhpl18 1679425222
EN dff_vhdl NULL /home/student/Desktop/UPC_ISE_Q3_P3-main/D_basc_VHDL.vhd sub00/vhpl12 1679425224
EN s2p_buffer NULL /home/student/Desktop/UPC_ISE_Q3_P3-main/P3_S2P_Buffer.vhd sub00/vhpl02 1679425234
EN rising_edge_vhdl NULL /home/student/Desktop/UPC_ISE_Q3_P3-main/Rising_edge_VHDL.vhd sub00/vhpl16 1679425230
AR s2p_all s2p_all_beh /home/student/Desktop/UPC_ISE_Q3_P3-main/P3_S2P_all.vhd sub00/vhpl05 1679425237
AR p3_codec p3_codec_beh /home/student/Desktop/UPC_ISE_Q3_P3-main/P3_codec.vhd sub00/vhpl11 1679425243
AR falling_edge_vhdl behavioral /home/student/Desktop/UPC_ISE_Q3_P3-main/Falling_edge_VHDL.vhd sub00/vhpl15 1679425229
EN p3_codec NULL /home/student/Desktop/UPC_ISE_Q3_P3-main/P3_codec.vhd sub00/vhpl10 1679425242
EN p3_uc NULL /home/student/Desktop/UPC_ISE_Q3_P3-main/P3_uc.vhd sub00/vhpl06 1679425238
AR dff_vhdl behavioral /home/student/Desktop/UPC_ISE_Q3_P3-main/D_basc_VHDL.vhd sub00/vhpl13 1679425225
AR s2p_buffer s2p_buffer_beh /home/student/Desktop/UPC_ISE_Q3_P3-main/P3_S2P_Buffer.vhd sub00/vhpl03 1679425235
AR p3_s2p p3_s2p_beh /home/student/Desktop/UPC_ISE_Q3_P3-main/P3_S2P.vhd sub00/vhpl01 1679425233
EN falling_edge_vhdl NULL /home/student/Desktop/UPC_ISE_Q3_P3-main/Falling_edge_VHDL.vhd sub00/vhpl14 1679425228
EN p3_s2p NULL /home/student/Desktop/UPC_ISE_Q3_P3-main/P3_S2P.vhd sub00/vhpl00 1679425232
EN s2p_all NULL /home/student/Desktop/UPC_ISE_Q3_P3-main/P3_S2P_all.vhd sub00/vhpl04 1679425236
