AR p3_p2s_core p3_p2s_core_beh /home/student/Desktop/UPC_ISE_Q3_P3-main/P3_p2s_core.vhd sub00/vhpl09 1678822849
AR rising_edge_vhdl behavioral /home/student/Desktop/UPC_ISE_Q3_P3-main/Rising_edge_VHDL.vhd sub00/vhpl17 1678822839
EN p3_p2s_core NULL /home/student/Desktop/UPC_ISE_Q3_P3-main/P3_p2s_core.vhd sub00/vhpl08 1678822848
AR p3_uc p3_uc_beh /home/student/Desktop/UPC_ISE_Q3_P3-main/P3_uc.vhd sub00/vhpl07 1678822847
EN dff_vhdl NULL /home/student/Desktop/UPC_ISE_Q3_P3-main/D_basc_VHDL.vhd sub00/vhpl12 1678822834
EN s2p_buffer NULL /home/student/Desktop/UPC_ISE_Q3_P3-main/P3_S2P_Buffer.vhd sub00/vhpl02 1678822842
EN rising_edge_vhdl NULL /home/student/Desktop/UPC_ISE_Q3_P3-main/Rising_edge_VHDL.vhd sub00/vhpl16 1678822838
AR s2p_all s2p_all_beh /home/student/Desktop/UPC_ISE_Q3_P3-main/P3_S2P_all.vhd sub00/vhpl05 1678822845
AR p3_codec p3_codec_beh /home/student/Desktop/UPC_ISE_Q3_P3-main/P3_codec.vhd sub00/vhpl11 1678822851
AR falling_edge_vhdl behavioral /home/student/Desktop/UPC_ISE_Q3_P3-main/Falling_edge_VHDL.vhd sub00/vhpl15 1678822837
EN p3_codec NULL /home/student/Desktop/UPC_ISE_Q3_P3-main/P3_codec.vhd sub00/vhpl10 1678822850
EN p3_uc NULL /home/student/Desktop/UPC_ISE_Q3_P3-main/P3_uc.vhd sub00/vhpl06 1678822846
AR dff_vhdl behavioral /home/student/Desktop/UPC_ISE_Q3_P3-main/D_basc_VHDL.vhd sub00/vhpl13 1678822835
AR s2p_buffer s2p_buffer_beh /home/student/Desktop/UPC_ISE_Q3_P3-main/P3_S2P_Buffer.vhd sub00/vhpl03 1678822843
AR p3_s2p p3_s2p_beh /home/student/Desktop/UPC_ISE_Q3_P3-main/P3_S2P.vhd sub00/vhpl01 1678822841
EN falling_edge_vhdl NULL /home/student/Desktop/UPC_ISE_Q3_P3-main/Falling_edge_VHDL.vhd sub00/vhpl14 1678822836
EN p3_s2p NULL /home/student/Desktop/UPC_ISE_Q3_P3-main/P3_S2P.vhd sub00/vhpl00 1678822840
EN s2p_all NULL /home/student/Desktop/UPC_ISE_Q3_P3-main/P3_S2P_all.vhd sub00/vhpl04 1678822844
